// Jest Snapshot v1, https://goo.gl/fbAQLP

exports[`ProyectoImagenes renderiza correctamente sin im치genes 1`] = `
<View>
  <Text
    style={
      {
        "fontWeight": "bold",
        "marginBottom": 4,
        "marginTop": 8,
      }
    }
  >
    Im치genes
  </Text>
  <RCTScrollView
    horizontal={true}
    style={
      {
        "flexDirection": "row",
        "gap": 8,
        "marginBottom": 16,
      }
    }
  >
    <View />
  </RCTScrollView>
</View>
`;

exports[`ProyectoImagenes renderiza correctamente una lista de im치genes 1`] = `
<View>
  <Text
    style={
      {
        "fontWeight": "bold",
        "marginBottom": 4,
        "marginTop": 8,
      }
    }
  >
    Im치genes
  </Text>
  <RCTScrollView
    horizontal={true}
    style={
      {
        "flexDirection": "row",
        "gap": 8,
        "marginBottom": 16,
      }
    }
  >
    <View>
      <Image
        resizeMode="cover"
        source={
          {
            "uri": "https://img.com/1.png",
          }
        }
        style={
          {
            "backgroundColor": "#e0e0e0",
            "borderRadius": 10,
            "height": 100,
            "marginRight": 8,
            "width": 100,
          }
        }
      />
      <Image
        resizeMode="cover"
        source={
          {
            "uri": "https://img.com/2.png",
          }
        }
        style={
          {
            "backgroundColor": "#e0e0e0",
            "borderRadius": 10,
            "height": 100,
            "marginRight": 8,
            "width": 100,
          }
        }
      />
    </View>
  </RCTScrollView>
</View>
`;
