// Jest Snapshot v1, https://goo.gl/fbAQLP

exports[`TestComponent se renderiza sin errores 1`] = `
<Text>
  Test component funcionando
</Text>
`;
